\BOOKMARK [1][-]{section.1}{1. Introduction and Overview}{}% 1
\BOOKMARK [1][-]{section.2}{2. Scope and Assumptions}{}% 2
\BOOKMARK [1][-]{section.3}{3. Notation and Canonical Regime}{}% 3
\BOOKMARK [1][-]{section.4}{4. Motivation and Background}{}% 4
\BOOKMARK [1][-]{section.5}{5. Affine Projection and Penalization}{}% 5
\BOOKMARK [1][-]{section.6}{6. Variance Regime: On-Line Zeros}{}% 6
\BOOKMARK [1][-]{section.7}{7. Robustness in the Penalty Parameter lambda}{}% 7
\BOOKMARK [1][-]{section.8}{8. Heuristic Interpretation}{}% 8
\BOOKMARK [1][-]{section.9}{9. Roadmap}{}% 9
\BOOKMARK [1][-]{section.10}{10. Bias Regime and Detection Theorem}{}% 10
\BOOKMARK [2][-]{subsection.10.1}{10.1. Setup and Decomposition}{section.10}% 11
\BOOKMARK [2][-]{subsection.10.2}{10.2. Step 1: Derivative Lower Bound}{section.10}% 12
\BOOKMARK [2][-]{subsection.10.3}{10.3. Step 2: Residual Slope Variance}{section.10}% 13
\BOOKMARK [2][-]{subsection.10.4}{10.4. Step 3: Affine Projection Residual Energy}{section.10}% 14
\BOOKMARK [2][-]{subsection.10.5}{10.5. Step 4: Geometric Summation}{section.10}% 15
\BOOKMARK [2][-]{subsection.10.6}{10.6. Step 5: Assembly}{section.10}% 16
\BOOKMARK [2][-]{subsection.10.7}{10.7. Step 6: Uniform Constants and Threshold Regime}{section.10}% 17
\BOOKMARK [2][-]{subsection.10.8}{10.8. Main Theorem \(Bias/Detection\)}{section.10}% 18
\BOOKMARK [1][-]{section.11}{11. Barrier Equivalence and the Horocycle Conjecture}{}% 19
\BOOKMARK [1][-]{section.12}{12. Heuristic and Numerical Consistency}{}% 20
\BOOKMARK [1][-]{section.13}{13. Geometric Preview}{}% 21
\BOOKMARK [1][-]{section.14}{14. From the Explicit Formula to H}{}% 22
\BOOKMARK [2][-]{subsection.14.1}{14.1. The -tilted explicit-formula remainder}{section.14}% 23
\BOOKMARK [2][-]{subsection.14.2}{14.2. H as a tractable surrogate for G}{section.14}% 24
\BOOKMARK [1][-]{section.15}{15. Numerical Validation and Empirical Results}{}% 25
\BOOKMARK [1][-]{section.16}{16. Experimental Design}{}% 26
\BOOKMARK [1][-]{section.17}{17. Variance-Regime Tests}{}% 27
\BOOKMARK [1][-]{section.18}{18. Bias-Regime Tests}{}% 28
\BOOKMARK [1][-]{section.19}{19. Robustness in }{}% 29
\BOOKMARK [1][-]{section.20}{20. Synthetic Multi-Zero Tests}{}% 30
\BOOKMARK [1][-]{section.21}{21. Reproducibility and Code Availability}{}% 31
\BOOKMARK [1][-]{section.22}{22. Summary of Empirical Findings}{}% 32
\BOOKMARK [1][-]{section.23}{23. The Horocycle Manifold M}{}% 33
\BOOKMARK [2][-]{subsection.23.1}{23.1. Conceptual Overview}{section.23}% 34
\BOOKMARK [2][-]{subsection.23.2}{23.2. Geometric Construction and Metric}{section.23}% 35
\BOOKMARK [2][-]{subsection.23.3}{23.3. F as a Curvature-Weighted Action \(Heuristic\)}{section.23}% 36
\BOOKMARK [1][-]{section.24}{24. Horocycle Geometry and Dynamics}{}% 37
\BOOKMARK [2][-]{subsection.24.1}{24.1. Horocycles and Regimes}{section.24}% 38
\BOOKMARK [2][-]{subsection.24.2}{24.2. Horocycle Barrier \(Geometric Conjecture\)}{section.24}% 39
\BOOKMARK [2][-]{subsection.24.3}{24.3. Geodesic Deviation}{section.24}% 40
\BOOKMARK [1][-]{section.25}{25. Information-Geometry View}{}% 41
\BOOKMARK [1][-]{section.26}{26. Conceptual Summary}{}% 42
\BOOKMARK [1][-]{section.27}{27. Broader Implications \(Informal\)}{}% 43
\BOOKMARK [2][-]{subsection.27.1}{27.1. Structural Interpretation}{section.27}% 44
\BOOKMARK [2][-]{subsection.27.2}{27.2. Consequences}{section.27}% 45
\BOOKMARK [2][-]{table.5}{27.3. Relation to Other Geometric Approaches \(Informal\)}{section.27}% 46
\BOOKMARK [1][-]{section.28}{28. Concluding Statement \(Non-Equivalence Clarified\)}{}% 47
\BOOKMARK [1][-]{section*.23}{Acknowledgments}{}% 48
\BOOKMARK [1][-]{appendix.A}{Appendix A. Affine\205Projection Constants}{}% 49
\BOOKMARK [2][-]{subsection.A.1}{A.1. Set-up and Frequency Partition}{appendix.A}% 50
\BOOKMARK [2][-]{subsection.A.2}{A.2. Blockwise Affine Projection and a Mean\205Variance Lemma}{appendix.A}% 51
\BOOKMARK [2][-]{subsection.A.3}{A.3. Low Frequencies \(low\)}{appendix.A}% 52
\BOOKMARK [2][-]{subsection.A.4}{A.4. High Frequencies \(high\)}{appendix.A}% 53
\BOOKMARK [2][-]{subsection.A.5}{A.5. Summation over Blocks and Zeros}{appendix.A}% 54
\BOOKMARK [2][-]{subsection.A.6}{A.6. Numerical Verification}{appendix.A}% 55
\BOOKMARK [1][-]{appendix.B}{Appendix B. Derivative\205Variance \(Affine Poincar\351\) Constant}{}% 56
\BOOKMARK [1][-]{appendix.C}{Appendix C. Constant\205Extraction Methodology \(Optional\)}{}% 57
\BOOKMARK [2][-]{section*.27}{Common settings}{appendix.C}% 58
\BOOKMARK [1][-]{section*.29}{References}{}% 59
